// Jest Snapshot v1, https://goo.gl/fbAQLP

exports[`MovieList Component Testing render the snapshot 1`] = `ShallowWrapper {}`;
